â–’
U-Boot SPL 2016.05 (Sep 17 2021 - 11:35:41)
DRA752-GP ES2.0
Trying to boot from MMC1
reading args
spl_load_image_fat_os: error reading image args, err - -1
reading u-boot.img
reading u-boot.img
reading u-boot.img
reading u-boot.img


U-Boot 2016.05 (Sep 17 2021 - 11:35:41 +0530)

CPU  : DRA752-GP ES2.0
Model: TI AM5728 IDK
Board: AM572x IDK REV <NULL>
DRAM:  2 GiB
MMC:   no pinctrl for sdr104
no pinctrl for ddr50
no pinctrl for sdr50
no pinctrl for sdr25
no pinctrl for sdr12
OMAP SD/MMC: 0, OMAP SD/MMC: 1
reading uboot.env
*** Warning - bad CRC, using default environment

I2C chip 50: requested alen 2 does not match chip offset_len 1
SCSI:  SATA link 0 timeout.
AHCI 0001.0300 32 slots 1 ports 3 Gbps 0x1 impl SATA mode
flags: 64bit ncq stag pm led clo only pmp pio slum part ccc apst
scanning bus for devices...
Found 0 device(s).
Net:
Warning: ethernet@48484000 using MAC address from ROM
eth0: ethernet@48484000
Hit any key to stop autoboot:  0
switch to partitions #0, OK
mmc0 is current device
SD/MMC found on device 0
reading boot.scr
** Unable to read file boot.scr **
reading uEnv.txt
347 bytes read in 3 ms (112.3 KiB/s)
Loaded env from uEnv.txt
Importing environment from mmc0 ...
Running uenvcmd ...
reading vxWorks.bin
18497336 bytes read in 801 ms (22 MiB/s)
reading /SonicsDSP.xe66
5186624 bytes read in 227 ms (21.8 MiB/s)
## Starting application at 0x84100000 ...
Target Name: vxTarget

 _________            _________
 \........\          /......../
  \........\        /......../
   \........\      /......../
    \........\    /......../
     \........\   \......./
      \........\   \...../              VxWorks SMP 32-bit
       \........\   \.../
        \........\   \./     Release version: 21.07
         \........\   -      Build date: Mar  7 2023 15:21:04
          \........\
           \......./         Copyright Wind River Systems, Inc.
            \...../   -                 1984-2022
             \.../   /.\
              \./   /...\
               -   -------

                   Board: TI_AM572X_BRANSON - Cortex-A15 (ARMV7A)
               CPU Count: 2
          OS Memory Size: 1920MB
        ED&R Policy Mode: Deployed


 Adding 17141 symbols for standalone.

IMG1.. Enable EXT PWR GPIO
IMG1.. GPIO allocation status: 0
IMG1.. GPIO direction set status: 0
-> --->>> PRCM Clock Configuration for OPPNOM in progress... <<<---
        IVA DPLL OPP 0 clock config is in progress...
        IVA DPLL OPP 0 is DONE!
        ABE DPLL OPP 0 clock config in progress...
        ABE DPLL OPP 0 is DONE!
        GPU DPLL OPP 0 clock config is in progress...
        GPU DPLL OPP 0 is DONE!
        DSP DPLL OPP 0 clock config is in progress...
        DSP DPLL OPP 0 is DONE!
--->>> PRCM Clock Configuration for OPP 0 is DONE! <<<---
--->>> PRCM Configuration for all modules in progress... <<<---
--->>> PRCM Configuration for all modules is DONE! <<<---
rproc_elf32_load_segments: addr = 0x2d410000 size = 0x2000000
--->>> Mapping TIMER suspend sources to default cores <<<<<<----
--->>> DSP1SS Initialization is in progress ... <<<---
DEBUG: Clock is active ...
--->>> DSP1SS Initialization is DONE! <<<---
Waiting for dsp ...
DSP started successfully
initCpsw1: write: EEPROM_PATH: MAC address saved
initCpsw1: Open: IP_CONFIG_PATH invalid data using defaults
    add net 0.0.0.0: netmask 0.0.0.0: gateway 192.168.2.1

***User application loading start!***

EMMC is already HRFS formatted!

PrintVersion: DSP Version: 0.0.22.0

MAIN_T: DSP Config A: 1

MAIN_T: Create MsgQ: OK

EmrsnSocket::Bind: Port ID: 0: 1600

HMISocket_T: socket listening on Port: 1600

ACTSocket_T: Socket create: OK

EmrsnSocket::Bind: Port ID: 0: 1601

MAIN_T: Create Tasks: OK

ACTSocket_T: socket listen: OK

Main_T : AuxClk set at Rate = 4000

Main_T : TaskId: 65614 connected Aux ISR
0x202a6c20 (tLogger): <LC: 1> ~ < D ><LC: 1> ~  < Line No: 30 > < File: D:/Rohini_ACE_Workspace/ACEPRO_Stream_2107/RTP_ASC/Platform/DCX/Logic/SC/ScDgtInput.cpp > : ------------------------ DgtInput Task spawned ------------------------

PS_T: _PC_READY

-> exit
Au revoir!


***** Select Operation *****
 1.  Info
 2.  Reset Alarms
 3.  Weld Mode
 4.  Weld Value
 5.  Weld Amplitude
 6.  Digital Tune
 7.  Weld Hold
 8.  Weld Amplitude Ramp Time
 9.  Amplitude P
 10. Amplitude I
 11. Amplitude D
 12. Phase P
 13. Phase I
 14. Phase D
 15. Last Weld DSP Data
 16. Perform Seek
 17. End Of Weld Store Flag
 18. Set System Frequency
 19. Set System Type

Enter Selection: __>1


PrintVersion: ASC version: 0.0.9.0.

PrintVersion: AC Version: 0.0.0.0.00000000000000000000

PrintVersion: DSP Version: 0.0.22.0

System Type :ACE Pro Power Supply Only Mode
System Frequency :20 KHZ
WELD MODE   :1
WELD VALUE  :100
WELD STATE  :-1
WELD AMP    :100
WELD FREQ   :19950
WELD HOLD   :1000
WELD AMP RAMP_TIME :80
AMPLITUDE P :20
AMPLITUDE I :0
AMPLITUDE D :0
PHASE P :4000
PHASE I :100
PHASE D :0


***** Select Operation *****
 1.  Info
 2.  Reset Alarms
 3.  Weld Mode
 4.  Weld Value
 5.  Weld Amplitude
 6.  Digital Tune
 7.  Weld Hold
 8.  Weld Amplitude Ramp Time
 9.  Amplitude P
 10. Amplitude I
 11. Amplitude D
 12. Phase P
 13. Phase I
 14. Phase D
 15. Last Weld DSP Data
 16. Perform Seek
 17. End Of Weld Store Flag
 18. Set System Frequency
 19. Set System Type

Enter Selection: __>16

0x202a6c20 (tLogger): <LC: 2> ~ < D ><LC: 2> ~  < Line No: 84 > < File: D:/Rohini_ACE_Workspace/ACEPRO_Stream_2107/RTP_ASC/Core/Logic/SC/ControlTask.cpp > : CTRL_T : -------Seek command received-------

CTRL_T: _PREREADY_FROM_GPIO

CTRL_T: _READY_FROM_GPIO

CTRL_T: _SEEK_SONIC_ON_FROM_GPIO

PS_T: _PC_SEEK_RUN
DspAmplitude,DspPhase,DspFrequency,DspCurrent,DspStatus
100,1.071,19961,3,1

PS_T: _PC_READY


***** Select Operation *****
 1.  Info
 2.  Reset Alarms
 3.  Weld Mode
 4.  Weld Value
 5.  Weld Amplitude
 6.  Digital Tune
 7.  Weld Hold
 8.  Weld Amplitude Ramp Time
 9.  Amplitude P
 10. Amplitude I
 11. Amplitude D
 12. Phase P
 13. Phase I
 14. Phase D
 15. Last Weld DSP Data
 16. Perform Seek
 17. End Of Weld Store Flag
 18. Set System Frequency
 19. Set System Type

Enter Selection: __>16

0x202a6c20 (tLogger): <LC: 3> ~ < D ><LC: 3> ~  < Line No: 84 > < File: D:/Rohini_ACE_Workspace/ACEPRO_Stream_2107/RTP_ASC/Core/Logic/SC/ControlTask.cpp > : CTRL_T : -------Seek command received-------

CTRL_T: _PREREADY_FROM_GPIO

CTRL_T: _READY_FROM_GPIO

CTRL_T: _SEEK_SONIC_ON_FROM_GPIO

PS_T: _PC_SEEK_RUN
DspAmplitude,DspPhase,DspFrequency,DspCurrent,DspStatus
100,-0.139,19961,6,1

PS_T: _PC_READY
0x202a6c20 (tLogger): <LC: 4> ~ < D ><LC: 4> ~  < Line No: 78 > < File: D:/Rohini_ACE_Workspace/ACEPRO_Stream_2107/RTP_ASC/Core/Logic/SC/ControlTask.cpp > : CTRL_T : -------Weld command received from GPIO-------

CTRL_T: _PREREADY_FROM_GPIO

CTRL_T: _READY_FROM_GPIO

CTRL_T: _WELD_SONIC_FROM_GPIO

PS_T: _PC_WELD_RUN
DspAmplitude,DspPhase,DspFrequency,DspCurrent,DspStatus
976,-0.028,19956,65,1

PS_T: _PC_READY
0x202a6c20 (tLogger): <LC: 5> ~ < D ><LC: 5> ~  < Line No: 78 > < File: D:/Rohini_ACE_Workspace/ACEPRO_Stream_2107/RTP_ASC/Core/Logic/SC/ControlTask.cpp > : CTRL_T : -------Weld command received from GPIO-------

CTRL_T: _PREREADY_FROM_GPIO

CTRL_T: _READY_FROM_GPIO

CTRL_T: _WELD_SONIC_FROM_GPIO

PS_T: _PC_WELD_RUN
DspAmplitude,DspPhase,DspFrequency,DspCurrent,DspStatus
976,0.533,19956,45,1

PS_T: _PC_READY
